exception.h:63:5:std::exception::exception()	16	static
gthr-default.h:229:1:int __gthread_key_delete(__gthread_key_t)	16	static
mutex.hpp:74:9:cpp_freertos::MutexCreateException::MutexCreateException()	16	static
mutex.hpp:83:29:virtual const char* cpp_freertos::MutexCreateException::what() const	16	static
cmutex.cpp:46:1:cpp_freertos::Mutex::Mutex()	16	static
cmutex.cpp:51:1:cpp_freertos::Mutex::~Mutex()	16	static
cmutex.cpp:51:1:virtual cpp_freertos::Mutex::~Mutex()	16	static
cmutex.cpp:57:1:cpp_freertos::MutexStandard::MutexStandard()	24	static
cmutex.cpp:71:6:virtual bool cpp_freertos::MutexStandard::Lock(TickType_t)	24	static
cmutex.cpp:78:6:virtual bool cpp_freertos::MutexStandard::Unlock()	24	static
cmutex.cpp:87:1:cpp_freertos::MutexRecursive::MutexRecursive()	24	static
cmutex.cpp:101:6:virtual bool cpp_freertos::MutexRecursive::Lock(TickType_t)	24	static
cmutex.cpp:108:6:virtual bool cpp_freertos::MutexRecursive::Unlock()	24	static
cmutex.cpp:117:1:cpp_freertos::LockGuard::LockGuard(cpp_freertos::Mutex&)	16	static
cmutex.cpp:124:1:cpp_freertos::LockGuard::~LockGuard()	16	static
mutex.hpp:217:7:cpp_freertos::MutexRecursive::~MutexRecursive()	16	static
mutex.hpp:217:7:virtual cpp_freertos::MutexRecursive::~MutexRecursive()	16	static
mutex.hpp:169:7:cpp_freertos::MutexStandard::~MutexStandard()	16	static
mutex.hpp:169:7:virtual cpp_freertos::MutexStandard::~MutexStandard()	16	static
mutex.hpp:68:7:cpp_freertos::MutexCreateException::~MutexCreateException()	16	static
mutex.hpp:68:7:virtual cpp_freertos::MutexCreateException::~MutexCreateException()	16	static
