ILI9341_STM32_Driver.c:5:6:HAL_SPI_TxCpltCallback	16	static
ILI9341_STM32_Driver.c:14:13:ILI9341_SPI_Tx	16	static
ILI9341_STM32_Driver.c:21:13:ILI9341_SPI_TxBuffer	16	static
ILI9341_STM32_Driver.c:28:6:ILI9341_WriteCommand	16	static
ILI9341_STM32_Driver.c:36:6:ILI9341_WriteData	16	static
ILI9341_STM32_Driver.c:44:6:ILI9341_WriteBuffer	16	static
ILI9341_STM32_Driver.c:52:6:ILI9341_SetAddress	32	static
ILI9341_STM32_Driver.c:74:6:ILI9341_Reset	8	static
ILI9341_STM32_Driver.c:84:6:ILI9341_Enable	8	static
ILI9341_STM32_Driver.c:89:6:ILI9341_Init	8	static
ILI9341_STM32_Driver.c:225:6:ILI9341_SetRotation	16	static
ILI9341_STM32_Driver.c:257:6:ILI9341_DrawColor	24	static
ILI9341_STM32_Driver.c:263:6:ILI9341_DrawColorBurst	64	dynamic
ILI9341_STM32_Driver.c:304:6:ILI9341_FillScreen	16	static
ILI9341_STM32_Driver.c:310:6:ILI9341_DrawPixel	32	static
ILI9341_STM32_Driver.c:328:6:ILI9341_DrawRectangle	24	static
ILI9341_STM32_Driver.c:346:6:ILI9341_DrawHLine	24	static
ILI9341_STM32_Driver.c:359:6:ILI9341_DrawVLine	24	static
